<html>
<body>
<pre>
<h1>µVision Build Log</h1>
<h2>Tool Versions:</h2>
IDE-Version: ¦ÌVision V5.23.0.0
Copyright (C) 2017 ARM Ltd and ARM Germany GmbH. All rights reserved.
License Information: Lai Thomas, Hong Kong University of Science and Technology, LIC=32B12-9A7DX-FWP2N-YNT04-H9EMH-CYG8B
 
Tool Versions:
Toolchain:       MDK-ARM Plus  Version: 5.23
Toolchain Path:  C:\Keil_v5\ARM\ARMCC\Bin
C Compiler:      Armcc.exe V5.06 update 4 (build 422)
Assembler:       Armasm.exe V5.06 update 4 (build 422)
Linker/Locator:  ArmLink.exe V5.06 update 4 (build 422)
Library Manager: ArmAr.exe V5.06 update 4 (build 422)
Hex Converter:   FromElf.exe V5.06 update 4 (build 422)
CPU DLL:         SARMCM3.DLL V5.23
Dialog DLL:      DCM.DLL V1.15.0.0
Target DLL:      CMSIS_AGDI.dll V1.27.5.0
Dialog DLL:      TCM.DLL V1.27.0.0
 
<h2>Project:</h2>
C:\Users\Thomas\Desktop\STM32_Project\23_SPI\Project\template.uvprojx
Project File Date:  07/09/2020

<h2>Output:</h2>
*** Using Compiler 'V5.06 update 4 (build 422)', folder: 'C:\Keil_v5\ARM\ARMCC\Bin'
Build target 'Target 1'
compiling main.c...
..\User\led\bsp_led.h(7): warning:  #1295-D: Deprecated declaration LED_G_Init_CLK - give arg types
  void 	LED_G_Init_CLK();
..\User\led\bsp_led.h(8): warning:  #1295-D: Deprecated declaration LED_G_Init - give arg types
  void	LED_G_Init();
..\User\main.c(11): warning:  #177-D: variable "addr"  was declared but never referenced
  	uint32_t addr = 0;
..\User\main.c: 3 warnings, 0 errors
linking...
Program Size: Code=2428 RO-data=336 RW-data=32 ZI-data=11264  
FromELF: creating hex file...
".\Objects\template.axf" - 0 Error(s), 3 Warning(s).

<h2>Collection of Component include folders:</h2>
  .\RTE\_Target_1
  C:\Keil_v5\ARM\PACK\Keil\STM32F1xx_DFP\2.3.0\Device\Include

<h2>Collection of Component Files used:</h2>
Build Time Elapsed:  00:00:02
</pre>
</body>
</html>
